// Jest Snapshot v1, https://goo.gl/fbAQLP

exports[`Label should match snapshot... 1`] = `
<label>
  test
</label>
`;
